[mobirise.com/extensions/glassm5/corporate/index.html]
[mobirise.com/extensions/glassm5/corporate/assets/images/logo.png]
[backblue.gif]
[fade.gif]
[index.html]
[mobirise.com/extensions/glassm5/corporate/assets/web/assets/mobirise-icons2/mobirise2.css]
[mobirise.com/extensions/glassm5/corporate/assets/bootstrap/css/bootstrap.min.css]
[mobirise.com/extensions/glassm5/corporate/assets/bootstrap/css/bootstrap-grid.min.css]
[mobirise.com/extensions/glassm5/corporate/assets/bootstrap/css/bootstrap-reboot.min.css]
[mobirise.com/extensions/glassm5/corporate/assets/dropdown/css/style.css]
[mobirise.com/extensions/glassm5/corporate/assets/socicon/css/styles.css]
[mobirise.com/extensions/glassm5/corporate/assets/theme/css/style.css]
[mobirise.com/extensions/glassm5/corporate/assets/recaptcha.css]
[mobirise.com/extensions/glassm5/corporate/assets/mobirise/css/mbr-additional.css]
[mobirise.com/extensions/glassm5/corporate/assets/images/mbr.jpg]
[mobirise.com/extensions/glassm5/corporate/assets/images/1.png]
[mobirise.com/extensions/glassm5/corporate/assets/images/2.png]
[mobirise.com/extensions/glassm5/corporate/assets/images/3.png]
[mobirise.com/extensions/glassm5/corporate/assets/images/team2.jpg]
[mobirise.com/extensions/glassm5/corporate/assets/images/team1.jpg]
[mobirise.com/extensions/glassm5/corporate/assets/images/team3.jpg]
[mobirise.com/extensions/glassm5/corporate/assets/bootstrap/js/bootstrap.bundle.min.js]
[mobirise.com/extensions/glassm5/corporate/assets/smoothscroll/smooth-scroll.js]
[mobirise.com/extensions/glassm5/corporate/assets/ytplayer/index.js]
[mobirise.com/extensions/glassm5/corporate/assets/playervimeo/vimeo_player.js]
[mobirise.com/extensions/glassm5/corporate/assets/mbr-switch-arrow/mbr-switch-arrow.js]
[mobirise.com/extensions/glassm5/corporate/assets/theme/js/script.js]
[mobirise.com/extensions/glassm5/corporate/assets/formoid/formoid.min.js]
[mobirise.com/extensions/glassm5/corporate/index.html]
[mobirise.com/extensions/glassm5/corporate/assets/web/assets/mobirise-icons2/mobirise21e04.eot]
[mobirise.com/extensions/glassm5/corporate/assets/web/assets/mobirise-icons2/mobirise21e04.ttf]
[mobirise.com/extensions/glassm5/corporate/assets/web/assets/mobirise-icons2/mobirise21e04.woff]
[mobirise.com/extensions/glassm5/corporate/assets/web/assets/mobirise-icons2/mobirise2.css]
[mobirise.com/extensions/glassm5/corporate/assets/bootstrap/css/bootstrap.min.css]
[mobirise.com/extensions/glassm5/corporate/assets/bootstrap/css/bootstrap-grid.min.css]
[mobirise.com/extensions/glassm5/corporate/assets/bootstrap/css/bootstrap-reboot.min.css]
[mobirise.com/extensions/glassm5/corporate/assets/dropdown/css/style.css]
[mobirise.com/extensions/glassm5/corporate/assets/web/assets/mobirise-icons2/mobirise21e04.svg]
[mobirise.com/extensions/glassm5/corporate/assets/socicon/fonts/socicon.eot]
[mobirise.com/extensions/glassm5/corporate/assets/socicon/fonts/socicond41d.eot]
[mobirise.com/extensions/glassm5/corporate/assets/socicon/fonts/socicon.woff2]
[mobirise.com/extensions/glassm5/corporate/assets/socicon/fonts/socicon.ttf]
[mobirise.com/extensions/glassm5/corporate/assets/socicon/fonts/socicon.woff]
[mobirise.com/extensions/glassm5/corporate/assets/socicon/css/styles.css]
[mobirise.com/extensions/glassm5/corporate/assets/theme/css/style.css]
[mobirise.com/extensions/glassm5/corporate/assets/recaptcha.css]
[mobirise.com/extensions/glassm5/corporate/assets/socicon/fonts/socicon.svg]
[mobirise.com/extensions/glassm5/corporate/assets/images/mbr-2.jpg]
[mobirise.com/extensions/glassm5/corporate/assets/images/background5.jpg]
[mobirise.com/extensions/glassm5/corporate/assets/images/mbr-5.jpg]
[mobirise.com/extensions/glassm5/corporate/assets/images/mbr-3.jpg]
[mobirise.com/extensions/glassm5/corporate/assets/images/background6.jpg]
[mobirise.com/extensions/glassm5/corporate/assets/mobirise/css/mbr-additional.css]
[www.googletagmanager.com/gtm5445.html]
[mobirise.com/extensions/glassm5/corporate/assets/web/assets/mobirise-icons2/mobirise21e04.svg]
[mobirise.com/extensions/glassm5/corporate/assets/socicon/fonts/socicon.svg]
