[mobirise.com/extensions/seminarm4/workshop/index.html]
[mobirise.com/extensions/seminarm4/workshop/assets/images/logo.png]
[backblue.gif]
[fade.gif]
[index.html]
[mobirise.com/extensions/seminarm4/workshop/assets/web/assets/mobirise-icons2/mobirise2.css]
[mobirise.com/extensions/seminarm4/workshop/assets/web/assets/mobirise-icons/mobirise-icons.css]
[mobirise.com/extensions/seminarm4/workshop/assets/tether/tether.min.css]
[mobirise.com/extensions/seminarm4/workshop/assets/bootstrap/css/bootstrap.min.css]
[mobirise.com/extensions/seminarm4/workshop/assets/bootstrap/css/bootstrap-grid.min.css]
[mobirise.com/extensions/seminarm4/workshop/assets/bootstrap/css/bootstrap-reboot.min.css]
[mobirise.com/extensions/seminarm4/workshop/assets/dropdown/css/style.css]
[mobirise.com/extensions/seminarm4/workshop/assets/formstyler/jquery.formstyler.css]
[mobirise.com/extensions/seminarm4/workshop/assets/formstyler/jquery.formstyler.theme.css]
[mobirise.com/extensions/seminarm4/workshop/assets/socicon/css/styles.css]
[mobirise.com/extensions/seminarm4/workshop/assets/theme/css/style.css]
[mobirise.com/extensions/seminarm4/workshop/assets/recaptcha.css]
[mobirise.com/extensions/seminarm4/workshop/assets/mobirise/css/mbr-additional.css]
[mobirise.com/extensions/seminarm4/workshop/assets/images/w1-1036x1036.jpg]
[mobirise.com/extensions/seminarm4/workshop/assets/images/w2-530x354.jpg]
[mobirise.com/extensions/seminarm4/workshop/assets/images/w3-1076x1345.jpg]
[mobirise.com/extensions/seminarm4/workshop/assets/images/w5-1076x1076.jpg]
[mobirise.com/extensions/seminarm4/workshop/assets/images/w1-1076x1076.jpg]
[mobirise.com/extensions/seminarm4/workshop/assets/images/w7-1076x1076.jpg]
[mobirise.com/extensions/seminarm4/workshop/assets/images/w6-1076x1076.jpg]
[mobirise.com/extensions/seminarm4/workshop/assets/images/05.jpg]
[mobirise.com/extensions/seminarm4/workshop/assets/web/assets/jquery/jquery.min.js]
[mobirise.com/extensions/seminarm4/workshop/assets/popper/popper.min.js]
[mobirise.com/extensions/seminarm4/workshop/assets/tether/tether.min.js]
[mobirise.com/extensions/seminarm4/workshop/assets/bootstrap/js/bootstrap.min.js]
[mobirise.com/extensions/seminarm4/workshop/assets/smoothscroll/smooth-scroll.js]
[mobirise.com/extensions/seminarm4/workshop/assets/dropdown/js/nav-dropdown.js]
[mobirise.com/extensions/seminarm4/workshop/assets/dropdown/js/navbar-dropdown.js]
[mobirise.com/extensions/seminarm4/workshop/assets/touchswipe/jquery.touch-swipe.min.js]
[mobirise.com/extensions/seminarm4/workshop/assets/bootstrapcarouselswipe/bootstrap-carousel-swipe.js]
[mobirise.com/extensions/seminarm4/workshop/assets/mbr-testimonials-slider/mbr-testimonials-slider.js]
[mobirise.com/extensions/seminarm4/workshop/assets/playervimeo/vimeo_player.js]
[mobirise.com/extensions/seminarm4/workshop/assets/formstyler/jquery.formstyler.js]
[mobirise.com/extensions/seminarm4/workshop/assets/formstyler/jquery.formstyler.min.js]
[mobirise.com/extensions/seminarm4/workshop/assets/sociallikes/social-likes.js]
[mobirise.com/extensions/seminarm4/workshop/assets/theme/js/script.js]
[mobirise.com/extensions/seminarm4/workshop/assets/formoid.min.js]
[mobirise.com/extensions/seminarm4/workshop/index.html]
[mobirise.com/extensions/seminarm4/workshop/assets/web/assets/mobirise-icons2/mobirise21e04.eot]
[mobirise.com/extensions/seminarm4/workshop/assets/web/assets/mobirise-icons2/mobirise21e04.ttf]
[mobirise.com/extensions/seminarm4/workshop/assets/web/assets/mobirise-icons2/mobirise21e04.woff]
[mobirise.com/extensions/seminarm4/workshop/assets/web/assets/mobirise-icons2/mobirise2.css]
[mobirise.com/extensions/seminarm4/workshop/assets/web/assets/mobirise-icons2/mobirise21e04.svg]
[mobirise.com/extensions/seminarm4/workshop/assets/web/assets/mobirise-icons/mobirise-icons0e1c.eot]
[mobirise.com/extensions/seminarm4/workshop/assets/web/assets/mobirise-icons/mobirise-icons0e1c.ttf]
[mobirise.com/extensions/seminarm4/workshop/assets/web/assets/mobirise-icons/mobirise-icons0e1c.woff]
[mobirise.com/extensions/seminarm4/workshop/assets/web/assets/mobirise-icons/mobirise-icons.css]
[mobirise.com/extensions/seminarm4/workshop/assets/tether/tether.min.css]
[mobirise.com/extensions/seminarm4/workshop/assets/bootstrap/css/bootstrap.min.css]
[mobirise.com/extensions/seminarm4/workshop/assets/bootstrap/css/bootstrap-grid.min.css]
[mobirise.com/extensions/seminarm4/workshop/assets/bootstrap/css/bootstrap-reboot.min.css]
[mobirise.com/extensions/seminarm4/workshop/assets/dropdown/css/style.css]
[mobirise.com/extensions/seminarm4/workshop/assets/formstyler/jquery.formstyler.css]
[mobirise.com/extensions/seminarm4/workshop/assets/formstyler/jquery.formstyler.theme.css]
[mobirise.com/extensions/seminarm4/workshop/assets/web/assets/mobirise-icons/mobirise-icons0e1c.svg]
[mobirise.com/extensions/seminarm4/workshop/assets/socicon/fonts/socicon.eot]
[mobirise.com/extensions/seminarm4/workshop/assets/socicon/fonts/socicond41d.eot]
[mobirise.com/extensions/seminarm4/workshop/assets/socicon/fonts/socicon.woff2]
[mobirise.com/extensions/seminarm4/workshop/assets/socicon/fonts/socicon.ttf]
[mobirise.com/extensions/seminarm4/workshop/assets/socicon/fonts/socicon.woff]
[mobirise.com/extensions/seminarm4/workshop/assets/socicon/css/styles.css]
[mobirise.com/extensions/seminarm4/workshop/assets/theme/css/style.css]
[mobirise.com/extensions/seminarm4/workshop/assets/recaptcha.css]
[mobirise.com/extensions/seminarm4/workshop/assets/images/w4-1200x800.jpg]
[mobirise.com/extensions/seminarm4/workshop/assets/mobirise/css/mbr-additional.css]
[mobirise.com/extensions/seminarm4/workshop/assets/web/assets/mobirise-icons2/mobirise21e04.svg]
[mobirise.com/extensions/seminarm4/workshop/assets/web/assets/mobirise-icons/mobirise-icons0e1c.svg]
[mobirise.com/extensions/seminarm4/workshop/assets/socicon/fonts/socicon.svg]
[mobirise.com/extensions/seminarm4/workshop/assets/socicon/fonts/socicon.svg]
